// Jest Snapshot v1, https://goo.gl/fbAQLP

exports[`Greet ui tests ui rendered correctly 1`] = `[Function]`;
